MPLINK 5.09, LINKER
Linker Map File - Created Sun Apr 26 22:53:40 2026

                                 Section Info
                  Section       Type    Address   Location Size(Bytes)
                ---------  ---------  ---------  ---------  ---------
                   .org_0       code   0x000000    program   0x000002
                   .cinit    romdata   0x000001    program   0x000004
                   .org_1       code   0x000004    program   0x0000ba
.config_2007_BUILD/DEFAULT/PRODUCTION/TRABAJO       code   0x002007    program   0x000002
.config_2008_BUILD/DEFAULT/PRODUCTION/TRABAJO       code   0x002008    program   0x000002



                              Program Memory Usage 
                               Start         End      
                           ---------   ---------      
                            0x000000    0x000002      
                            0x000004    0x000060      
                            0x002007    0x002008      
            98 out of 8455 program addresses used, program memory utilization is 1%



                              Symbols - Sorted by Name
                     Name    Address   Location    Storage File                     
                ---------  ---------  ---------  --------- ---------                
     HABILITACION_DISPLAY   0x00005c    program     static C:\Users\macar\MPLABXProjects\TP_ED2.X\TRABAJO_PRACTICO.asm
                   INICIO   0x000005    program     static C:\Users\macar\MPLABXProjects\TP_ED2.X\TRABAJO_PRACTICO.asm
                      ISR   0x000040    program     static C:\Users\macar\MPLABXProjects\TP_ED2.X\TRABAJO_PRACTICO.asm
                     LOOP   0x00002e    program     static C:\Users\macar\MPLABXProjects\TP_ED2.X\TRABAJO_PRACTICO.asm
            TABLA_DISPLAY   0x00002f    program     static C:\Users\macar\MPLABXProjects\TP_ED2.X\TRABAJO_PRACTICO.asm



                              Symbols - Sorted by Address
                     Name    Address   Location    Storage File                     
                ---------  ---------  ---------  --------- ---------                
                   INICIO   0x000005    program     static C:\Users\macar\MPLABXProjects\TP_ED2.X\TRABAJO_PRACTICO.asm
                     LOOP   0x00002e    program     static C:\Users\macar\MPLABXProjects\TP_ED2.X\TRABAJO_PRACTICO.asm
            TABLA_DISPLAY   0x00002f    program     static C:\Users\macar\MPLABXProjects\TP_ED2.X\TRABAJO_PRACTICO.asm
                      ISR   0x000040    program     static C:\Users\macar\MPLABXProjects\TP_ED2.X\TRABAJO_PRACTICO.asm
     HABILITACION_DISPLAY   0x00005c    program     static C:\Users\macar\MPLABXProjects\TP_ED2.X\TRABAJO_PRACTICO.asm


